[     107ms] [WARNING] [webpack-dev-server] Warnings while compiling. @ http://localhost:4500/polyfills.js:893
[     107ms] [WARNING] [webpack-dev-server] WARNING
src/app/meeting-notes/meeting-notes.component.ts:471:54 - warning NG8107: The left side of this optional chain operation does not include 'null' or 'undefined' in its type, therefore the '?.' operator can be replaced with the '.' operator.

471                   [nzCount]="note.participantEmails?.length || 0"
                                                         ~~~~~~

 @ http://localhost:4500/polyfills.js:893
[     108ms] [WARNING] [webpack-dev-server] WARNING
src/app/projects/project-issue-tracker-settings/project-issue-tracker-settings.component.html:47:28 - warning NG8116: A structural directive `nzOptionTemplate` was used in the template without a corresponding import in the component. Make sure that the directive is included in the `@Component.imports` array of this component.

47             <ng-container *nzOptionTemplate>
                              ~~~~~~~~~~~~~~~~

  src/app/projects/project-issue-tracker-settings/project-issue-tracker-settings.component.ts:41:16
    41   templateUrl: './project-issue-tracker-settings.component.html',
                      ~~~~~~~~~~~~~~~~~~~~~~~~~~~~~~~~~~~~~~~~~~~~~~~~~
    Warning occurs in the template of component ProjectIssueTrackerSettingsComponent.
 @ http://localhost:4500/polyfills.js:893
[   16776ms] [ERROR] Failed to load resource: the server responded with a status of 404 (Not Found) @ http://localhost:4500/assets/outline/block.svg:0
[   16779ms] [ERROR] Failed to load resource: the server responded with a status of 404 (Not Found) @ http://localhost:4500/assets/outline/compass.svg:0
[   16780ms] [ERROR] Failed to load resource: the server responded with a status of 404 (Not Found) @ http://localhost:4500/assets/outline/scissor.svg:0
[   16780ms] [ERROR] Failed to load resource: the server responded with a status of 404 (Not Found) @ http://localhost:4500/assets/outline/percentage.svg:0
[   16780ms] [ERROR] Failed to load resource: the server responded with a status of 404 (Not Found) @ http://localhost:4500/assets/outline/rise.svg:0
[   16781ms] [ERROR] Failed to load resource: the server responded with a status of 404 (Not Found) @ http://localhost:4500/assets/outline/filter.svg:0
[   16786ms] Error: [@ant-design/icons-angular]:the icon block-o does not exist or is not registered.
    at IconNotFoundError (http://localhost:4500/vendor.js:45948:10)
    at http://localhost:4500/vendor.js:46091:15
    at http://localhost:4500/vendor.js:182194:31
    at OperatorSubscriber._next (http://localhost:4500/vendor.js:108582:9)
    at OperatorSubscriber.next (http://localhost:4500/vendor.js:88250:12)
    at http://localhost:4500/vendor.js:99935:20
    at errorContext (http://localhost:4500/vendor.js:46580:5)
    at Subject.next (http://localhost:4500/vendor.js:99928:69)
    at Object.next (http://localhost:4500/vendor.js:97906:31)
    at ConsumerObserver.next (http://localhost:4500/vendor.js:88308:25)
    at SafeSubscriber._next (http://localhost:4500/vendor.js:88277:22)
    at SafeSubscriber.next (http://localhost:4500/vendor.js:88250:12)
    at Observable._subscribe (http://localhost:4500/vendor.js:22338:18)
    at Observable._trySubscribe (http://localhost:4500/vendor.js:97693:19)
    at http://localhost:4500/vendor.js:97687:113
    at errorContext (http://localhost:4500/vendor.js:46580:5)
    at Observable.subscribe (http://localhost:4500/vendor.js:97682:69)
    at http://localhost:4500/vendor.js:49274:23
    at OperatorSubscriber._error (http://localhost:4500/vendor.js:108589:9)
    at OperatorSubscriber.error (http://localhost:4500/vendor.js:88258:12)
    at source.subscribe._a (http://localhost:4500/vendor.js:84283:18)
    at OperatorSubscriber._error (http://localhost:4500/vendor.js:108589:9)
    at OperatorSubscriber.error (http://localhost:4500/vendor.js:88258:12)
    at OperatorSubscriber._error (http://localhost:4500/vendor.js:88281:24)
    at OperatorSubscriber.error (http://localhost:4500/vendor.js:88258:12)
    at OperatorSubscriber._error (http://localhost:4500/vendor.js:88281:24)
    at OperatorSubscriber.error (http://localhost:4500/vendor.js:88258:12)
    at OperatorSubscriber._error (http://localhost:4500/vendor.js:88281:24)
    at OperatorSubscriber.error (http://localhost:4500/vendor.js:88258:12)
    at OperatorSubscriber._error (http://localhost:4500/vendor.js:88281:24)
    at OperatorSubscriber.error (http://localhost:4500/vendor.js:88258:12)
    at OperatorSubscriber._error (http://localhost:4500/vendor.js:88281:24)
    at OperatorSubscriber.error (http://localhost:4500/vendor.js:88258:12)
    at XMLHttpRequest.onLoad (http://localhost:4500/vendor.js:106942:22)
    at _ZoneDelegate.invokeTask (http://localhost:4500/polyfills.js:3151:171)
    at ZoneImpl.runTask (http://localhost:4500/polyfills.js:2948:37)
    at ZoneTask.invokeTask [as invoke] (http://localhost:4500/polyfills.js:3228:26)
    at invokeTask (http://localhost:4500/polyfills.js:3873:12)
    at globalCallback (http://localhost:4500/polyfills.js:3914:23)
    at XMLHttpRequest.globalZoneAwareCallback (http://localhost:4500/polyfills.js:3934:12)
[   16789ms] Error: [@ant-design/icons-angular]:the icon compass-o does not exist or is not registered.
    at IconNotFoundError (http://localhost:4500/vendor.js:45948:10)
    at http://localhost:4500/vendor.js:46091:15
    at http://localhost:4500/vendor.js:182194:31
    at OperatorSubscriber._next (http://localhost:4500/vendor.js:108582:9)
    at OperatorSubscriber.next (http://localhost:4500/vendor.js:88250:12)
    at http://localhost:4500/vendor.js:99935:20
    at errorContext (http://localhost:4500/vendor.js:46580:5)
    at Subject.next (http://localhost:4500/vendor.js:99928:69)
    at Object.next (http://localhost:4500/vendor.js:97906:31)
    at ConsumerObserver.next (http://localhost:4500/vendor.js:88308:25)
    at SafeSubscriber._next (http://localhost:4500/vendor.js:88277:22)
    at SafeSubscriber.next (http://localhost:4500/vendor.js:88250:12)
    at Observable._subscribe (http://localhost:4500/vendor.js:22338:18)
    at Observable._trySubscribe (http://localhost:4500/vendor.js:97693:19)
    at http://localhost:4500/vendor.js:97687:113
    at errorContext (http://localhost:4500/vendor.js:46580:5)
    at Observable.subscribe (http://localhost:4500/vendor.js:97682:69)
    at http://localhost:4500/vendor.js:49274:23
    at OperatorSubscriber._error (http://localhost:4500/vendor.js:108589:9)
    at OperatorSubscriber.error (http://localhost:4500/vendor.js:88258:12)
    at source.subscribe._a (http://localhost:4500/vendor.js:84283:18)
    at OperatorSubscriber._error (http://localhost:4500/vendor.js:108589:9)
    at OperatorSubscriber.error (http://localhost:4500/vendor.js:88258:12)
    at OperatorSubscriber._error (http://localhost:4500/vendor.js:88281:24)
    at OperatorSubscriber.error (http://localhost:4500/vendor.js:88258:12)
    at OperatorSubscriber._error (http://localhost:4500/vendor.js:88281:24)
    at OperatorSubscriber.error (http://localhost:4500/vendor.js:88258:12)
    at OperatorSubscriber._error (http://localhost:4500/vendor.js:88281:24)
    at OperatorSubscriber.error (http://localhost:4500/vendor.js:88258:12)
    at OperatorSubscriber._error (http://localhost:4500/vendor.js:88281:24)
    at OperatorSubscriber.error (http://localhost:4500/vendor.js:88258:12)
    at OperatorSubscriber._error (http://localhost:4500/vendor.js:88281:24)
    at OperatorSubscriber.error (http://localhost:4500/vendor.js:88258:12)
    at XMLHttpRequest.onLoad (http://localhost:4500/vendor.js:106942:22)
    at _ZoneDelegate.invokeTask (http://localhost:4500/polyfills.js:3151:171)
    at ZoneImpl.runTask (http://localhost:4500/polyfills.js:2948:37)
    at ZoneTask.invokeTask [as invoke] (http://localhost:4500/polyfills.js:3228:26)
    at invokeTask (http://localhost:4500/polyfills.js:3873:12)
    at globalCallback (http://localhost:4500/polyfills.js:3914:23)
    at XMLHttpRequest.globalZoneAwareCallback (http://localhost:4500/polyfills.js:3934:12)
[   16790ms] Error: [@ant-design/icons-angular]:the icon scissor-o does not exist or is not registered.
    at IconNotFoundError (http://localhost:4500/vendor.js:45948:10)
    at http://localhost:4500/vendor.js:46091:15
    at http://localhost:4500/vendor.js:182194:31
    at OperatorSubscriber._next (http://localhost:4500/vendor.js:108582:9)
    at OperatorSubscriber.next (http://localhost:4500/vendor.js:88250:12)
    at http://localhost:4500/vendor.js:99935:20
    at errorContext (http://localhost:4500/vendor.js:46580:5)
    at Subject.next (http://localhost:4500/vendor.js:99928:69)
    at Object.next (http://localhost:4500/vendor.js:97906:31)
    at ConsumerObserver.next (http://localhost:4500/vendor.js:88308:25)
    at SafeSubscriber._next (http://localhost:4500/vendor.js:88277:22)
    at SafeSubscriber.next (http://localhost:4500/vendor.js:88250:12)
    at Observable._subscribe (http://localhost:4500/vendor.js:22338:18)
    at Observable._trySubscribe (http://localhost:4500/vendor.js:97693:19)
    at http://localhost:4500/vendor.js:97687:113
    at errorContext (http://localhost:4500/vendor.js:46580:5)
    at Observable.subscribe (http://localhost:4500/vendor.js:97682:69)
    at http://localhost:4500/vendor.js:49274:23
    at OperatorSubscriber._error (http://localhost:4500/vendor.js:108589:9)
    at OperatorSubscriber.error (http://localhost:4500/vendor.js:88258:12)
    at source.subscribe._a (http://localhost:4500/vendor.js:84283:18)
    at OperatorSubscriber._error (http://localhost:4500/vendor.js:108589:9)
    at OperatorSubscriber.error (http://localhost:4500/vendor.js:88258:12)
    at OperatorSubscriber._error (http://localhost:4500/vendor.js:88281:24)
    at OperatorSubscriber.error (http://localhost:4500/vendor.js:88258:12)
    at OperatorSubscriber._error (http://localhost:4500/vendor.js:88281:24)
    at OperatorSubscriber.error (http://localhost:4500/vendor.js:88258:12)
    at OperatorSubscriber._error (http://localhost:4500/vendor.js:88281:24)
    at OperatorSubscriber.error (http://localhost:4500/vendor.js:88258:12)
    at OperatorSubscriber._error (http://localhost:4500/vendor.js:88281:24)
    at OperatorSubscriber.error (http://localhost:4500/vendor.js:88258:12)
    at OperatorSubscriber._error (http://localhost:4500/vendor.js:88281:24)
    at OperatorSubscriber.error (http://localhost:4500/vendor.js:88258:12)
    at XMLHttpRequest.onLoad (http://localhost:4500/vendor.js:106942:22)
    at _ZoneDelegate.invokeTask (http://localhost:4500/polyfills.js:3151:171)
    at ZoneImpl.runTask (http://localhost:4500/polyfills.js:2948:37)
    at ZoneTask.invokeTask [as invoke] (http://localhost:4500/polyfills.js:3228:26)
    at invokeTask (http://localhost:4500/polyfills.js:3873:12)
    at globalCallback (http://localhost:4500/polyfills.js:3914:23)
    at XMLHttpRequest.globalZoneAwareCallback (http://localhost:4500/polyfills.js:3934:12)
[   16791ms] Error: [@ant-design/icons-angular]:the icon percentage-o does not exist or is not registered.
    at IconNotFoundError (http://localhost:4500/vendor.js:45948:10)
    at http://localhost:4500/vendor.js:46091:15
    at http://localhost:4500/vendor.js:182194:31
    at OperatorSubscriber._next (http://localhost:4500/vendor.js:108582:9)
    at OperatorSubscriber.next (http://localhost:4500/vendor.js:88250:12)
    at http://localhost:4500/vendor.js:99935:20
    at errorContext (http://localhost:4500/vendor.js:46580:5)
    at Subject.next (http://localhost:4500/vendor.js:99928:69)
    at Object.next (http://localhost:4500/vendor.js:97906:31)
    at ConsumerObserver.next (http://localhost:4500/vendor.js:88308:25)
    at SafeSubscriber._next (http://localhost:4500/vendor.js:88277:22)
    at SafeSubscriber.next (http://localhost:4500/vendor.js:88250:12)
    at Observable._subscribe (http://localhost:4500/vendor.js:22338:18)
    at Observable._trySubscribe (http://localhost:4500/vendor.js:97693:19)
    at http://localhost:4500/vendor.js:97687:113
    at errorContext (http://localhost:4500/vendor.js:46580:5)
    at Observable.subscribe (http://localhost:4500/vendor.js:97682:69)
    at http://localhost:4500/vendor.js:49274:23
    at OperatorSubscriber._error (http://localhost:4500/vendor.js:108589:9)
    at OperatorSubscriber.error (http://localhost:4500/vendor.js:88258:12)
    at source.subscribe._a (http://localhost:4500/vendor.js:84283:18)
    at OperatorSubscriber._error (http://localhost:4500/vendor.js:108589:9)
    at OperatorSubscriber.error (http://localhost:4500/vendor.js:88258:12)
    at OperatorSubscriber._error (http://localhost:4500/vendor.js:88281:24)
    at OperatorSubscriber.error (http://localhost:4500/vendor.js:88258:12)
    at OperatorSubscriber._error (http://localhost:4500/vendor.js:88281:24)
    at OperatorSubscriber.error (http://localhost:4500/vendor.js:88258:12)
    at OperatorSubscriber._error (http://localhost:4500/vendor.js:88281:24)
    at OperatorSubscriber.error (http://localhost:4500/vendor.js:88258:12)
    at OperatorSubscriber._error (http://localhost:4500/vendor.js:88281:24)
    at OperatorSubscriber.error (http://localhost:4500/vendor.js:88258:12)
    at OperatorSubscriber._error (http://localhost:4500/vendor.js:88281:24)
    at OperatorSubscriber.error (http://localhost:4500/vendor.js:88258:12)
    at XMLHttpRequest.onLoad (http://localhost:4500/vendor.js:106942:22)
    at _ZoneDelegate.invokeTask (http://localhost:4500/polyfills.js:3151:171)
    at ZoneImpl.runTask (http://localhost:4500/polyfills.js:2948:37)
    at ZoneTask.invokeTask [as invoke] (http://localhost:4500/polyfills.js:3228:26)
    at invokeTask (http://localhost:4500/polyfills.js:3873:12)
    at globalCallback (http://localhost:4500/polyfills.js:3914:23)
    at XMLHttpRequest.globalZoneAwareCallback (http://localhost:4500/polyfills.js:3934:12)
[   16793ms] Error: [@ant-design/icons-angular]:the icon rise-o does not exist or is not registered.
    at IconNotFoundError (http://localhost:4500/vendor.js:45948:10)
    at http://localhost:4500/vendor.js:46091:15
    at http://localhost:4500/vendor.js:182194:31
    at OperatorSubscriber._next (http://localhost:4500/vendor.js:108582:9)
    at OperatorSubscriber.next (http://localhost:4500/vendor.js:88250:12)
    at http://localhost:4500/vendor.js:99935:20
    at errorContext (http://localhost:4500/vendor.js:46580:5)
    at Subject.next (http://localhost:4500/vendor.js:99928:69)
    at Object.next (http://localhost:4500/vendor.js:97906:31)
    at ConsumerObserver.next (http://localhost:4500/vendor.js:88308:25)
    at SafeSubscriber._next (http://localhost:4500/vendor.js:88277:22)
    at SafeSubscriber.next (http://localhost:4500/vendor.js:88250:12)
    at Observable._subscribe (http://localhost:4500/vendor.js:22338:18)
    at Observable._trySubscribe (http://localhost:4500/vendor.js:97693:19)
    at http://localhost:4500/vendor.js:97687:113
    at errorContext (http://localhost:4500/vendor.js:46580:5)
    at Observable.subscribe (http://localhost:4500/vendor.js:97682:69)
    at http://localhost:4500/vendor.js:49274:23
    at OperatorSubscriber._error (http://localhost:4500/vendor.js:108589:9)
    at OperatorSubscriber.error (http://localhost:4500/vendor.js:88258:12)
    at source.subscribe._a (http://localhost:4500/vendor.js:84283:18)
    at OperatorSubscriber._error (http://localhost:4500/vendor.js:108589:9)
    at OperatorSubscriber.error (http://localhost:4500/vendor.js:88258:12)
    at OperatorSubscriber._error (http://localhost:4500/vendor.js:88281:24)
    at OperatorSubscriber.error (http://localhost:4500/vendor.js:88258:12)
    at OperatorSubscriber._error (http://localhost:4500/vendor.js:88281:24)
    at OperatorSubscriber.error (http://localhost:4500/vendor.js:88258:12)
    at OperatorSubscriber._error (http://localhost:4500/vendor.js:88281:24)
    at OperatorSubscriber.error (http://localhost:4500/vendor.js:88258:12)
    at OperatorSubscriber._error (http://localhost:4500/vendor.js:88281:24)
    at OperatorSubscriber.error (http://localhost:4500/vendor.js:88258:12)
    at OperatorSubscriber._error (http://localhost:4500/vendor.js:88281:24)
    at OperatorSubscriber.error (http://localhost:4500/vendor.js:88258:12)
    at XMLHttpRequest.onLoad (http://localhost:4500/vendor.js:106942:22)
    at _ZoneDelegate.invokeTask (http://localhost:4500/polyfills.js:3151:171)
    at ZoneImpl.runTask (http://localhost:4500/polyfills.js:2948:37)
    at ZoneTask.invokeTask [as invoke] (http://localhost:4500/polyfills.js:3228:26)
    at invokeTask (http://localhost:4500/polyfills.js:3873:12)
    at globalCallback (http://localhost:4500/polyfills.js:3914:23)
    at XMLHttpRequest.globalZoneAwareCallback (http://localhost:4500/polyfills.js:3934:12)
[   16794ms] Error: [@ant-design/icons-angular]:the icon filter-o does not exist or is not registered.
    at IconNotFoundError (http://localhost:4500/vendor.js:45948:10)
    at http://localhost:4500/vendor.js:46091:15
    at http://localhost:4500/vendor.js:182194:31
    at OperatorSubscriber._next (http://localhost:4500/vendor.js:108582:9)
    at OperatorSubscriber.next (http://localhost:4500/vendor.js:88250:12)
    at http://localhost:4500/vendor.js:99935:20
    at errorContext (http://localhost:4500/vendor.js:46580:5)
    at Subject.next (http://localhost:4500/vendor.js:99928:69)
    at Object.next (http://localhost:4500/vendor.js:97906:31)
    at ConsumerObserver.next (http://localhost:4500/vendor.js:88308:25)
    at SafeSubscriber._next (http://localhost:4500/vendor.js:88277:22)
    at SafeSubscriber.next (http://localhost:4500/vendor.js:88250:12)
    at Observable._subscribe (http://localhost:4500/vendor.js:22338:18)
    at Observable._trySubscribe (http://localhost:4500/vendor.js:97693:19)
    at http://localhost:4500/vendor.js:97687:113
    at errorContext (http://localhost:4500/vendor.js:46580:5)
    at Observable.subscribe (http://localhost:4500/vendor.js:97682:69)
    at http://localhost:4500/vendor.js:49274:23
    at OperatorSubscriber._error (http://localhost:4500/vendor.js:108589:9)
    at OperatorSubscriber.error (http://localhost:4500/vendor.js:88258:12)
    at source.subscribe._a (http://localhost:4500/vendor.js:84283:18)
    at OperatorSubscriber._error (http://localhost:4500/vendor.js:108589:9)
    at OperatorSubscriber.error (http://localhost:4500/vendor.js:88258:12)
    at OperatorSubscriber._error (http://localhost:4500/vendor.js:88281:24)
    at OperatorSubscriber.error (http://localhost:4500/vendor.js:88258:12)
    at OperatorSubscriber._error (http://localhost:4500/vendor.js:88281:24)
    at OperatorSubscriber.error (http://localhost:4500/vendor.js:88258:12)
    at OperatorSubscriber._error (http://localhost:4500/vendor.js:88281:24)
    at OperatorSubscriber.error (http://localhost:4500/vendor.js:88258:12)
    at OperatorSubscriber._error (http://localhost:4500/vendor.js:88281:24)
    at OperatorSubscriber.error (http://localhost:4500/vendor.js:88258:12)
    at OperatorSubscriber._error (http://localhost:4500/vendor.js:88281:24)
    at OperatorSubscriber.error (http://localhost:4500/vendor.js:88258:12)
    at XMLHttpRequest.onLoad (http://localhost:4500/vendor.js:106942:22)
    at _ZoneDelegate.invokeTask (http://localhost:4500/polyfills.js:3151:171)
    at ZoneImpl.runTask (http://localhost:4500/polyfills.js:2948:37)
    at ZoneTask.invokeTask [as invoke] (http://localhost:4500/polyfills.js:3228:26)
    at invokeTask (http://localhost:4500/polyfills.js:3873:12)
    at globalCallback (http://localhost:4500/polyfills.js:3914:23)
    at XMLHttpRequest.globalZoneAwareCallback (http://localhost:4500/polyfills.js:3934:12)
